// Jest Snapshot v1, https://goo.gl/fbAQLP

exports[`Interaction should simulate onClick 1`] = `
<View
  style={
    Object {
      "alignItems": "center",
      "flex": 1,
      "justifyContent": "center",
    }
  }
>
  <RCTSafeAreaView
    emulateUnlessSupported={true}
    style={
      Array [
        Object {
          "alignItems": "center",
          "alignSelf": "stretch",
          "backgroundColor": "#FFFFFF",
          "flexBasis": 0,
          "flexDirection": "column",
          "flexGrow": 1,
          "flexShrink": 1,
          "justifyContent": "flex-start",
        },
      ]
    }
  >
    <View
      style={
        Array [
          Object {
            "alignItems": "center",
            "alignSelf": "stretch",
            "backgroundColor": "#FFFFFF",
            "flexDirection": "row",
            "flexWrap": "wrap",
            "justifyContent": "center",
            "paddingBottom": 0,
            "paddingLeft": 24,
            "paddingRight": 24,
            "paddingTop": 0,
          },
        ]
      }
    >
      <View
        onMouseEnter={[Function]}
        onMouseLeave={[Function]}
        onPress={[MockFunction]}
        onPressIn={[Function]}
        onPressOut={[Function]}
        onResponderGrant={[Function]}
        onResponderRelease={[Function]}
        style={
          Array [
            Object {
              "alignItems": "center",
              "justifyContent": "center",
            },
            Object {
              "alignSelf": "center",
            },
          ]
        }
      >
        <Image
          source={
            Object {
              "canInstrument": true,
              "createTransformer": [Function],
              "getCacheKey": [Function],
              "process": [Function],
            }
          }
          style={
            Array [
              Object {
                "height": 52,
                "marginBottom": 12,
                "marginLeft": 0,
                "marginRight": 0,
                "marginTop": 12,
                "width": 124,
              },
              false,
            ]
          }
        />
      </View>
      <View
        style={
          Array [
            Object {
              "alignItems": "center",
              "flexDirection": "row",
              "marginBottom": 14,
            },
          ]
        }
      />
      <View
        style={
          Array [
            Object {
              "left": 20,
              "position": "absolute",
              "top": 25,
              "width": 80,
            },
          ]
        }
      >
        <View
          activeOpacity={0.7}
          delayPressIn={50}
          onPress={[MockFunction]}
        >
          <View
            onLayout={[Function]}
            style={
              Array [
                Object {
                  "alignItems": "center",
                  "alignSelf": "stretch",
                  "backgroundColor": "#393D7A",
                  "flexDirection": "row",
                  "justifyContent": "center",
                  "paddingBottom": 8,
                  "paddingLeft": 12,
                  "paddingRight": 12,
                  "paddingTop": 8,
                },
                Object {
                  "backgroundColor": "#FFFFFF",
                  "borderColor": "#B446BF",
                  "borderRadius": 20,
                  "borderWidth": 1,
                  "height": 24,
                  "width": 68,
                },
                false,
                undefined,
              ]
            }
            testID="button-view"
          >
            <Text
              style={
                Array [
                  Object {
                    "color": "white",
                    "fontSize": 14,
                  },
                  Object {
                    "color": "#B446BF",
                    "fontSize": 11,
                    "paddingBottom": 12,
                    "paddingHorizontal": 0,
                  },
                  undefined,
                ]
              }
            >
              Sign In
            </Text>
          </View>
        </View>
      </View>
      <View
        style={
          Array [
            Object {
              "position": "absolute",
              "right": 20,
              "top": 25,
            },
          ]
        }
      >
        <View
          style={
            Object {
              "alignItems": "center",
              "flexDirection": "row",
            }
          }
        >
          <View
            activeOpacity={0.8}
            onPress={[MockFunction]}
            style={
              Array [
                Object {
                  "backgroundColor": "#ecf0f1",
                  "borderRadius": 20,
                  "justifyContent": "center",
                  "padding": 12,
                  "width": 46,
                },
                Object {},
              ]
            }
          >
            <View
              style={
                Object {
                  "alignItems": "center",
                  "backgroundColor": "white",
                  "borderRadius": 9,
                  "elevation": 1.5,
                  "height": 18,
                  "justifyContent": "center",
                  "left": 0,
                  "margin": 4,
                  "position": "absolute",
                  "shadowColor": "#000",
                  "shadowOffset": Object {
                    "height": 2,
                    "width": 0,
                  },
                  "shadowOpacity": 0.2,
                  "shadowRadius": 2.5,
                  "transform": Array [
                    Object {
                      "translateX": 0,
                    },
                  ],
                  "width": 18,
                }
              }
            />
          </View>
        </View>
      </View>
    </View>
    <RCTScrollView
      style={
        Object {
          "width": "100%",
        }
      }
    >
      <View>
        <View
          style={
            Array [
              Object {
                "alignSelf": "stretch",
                "minHeight": 300,
              },
            ]
          }
        >
          <View
            accessibilityIgnoresInvertColors={true}
            style={
              Array [
                Object {
                  "alignItems": "center",
                  "flexBasis": 0,
                  "flexDirection": "column",
                  "flexGrow": 1,
                  "flexShrink": 1,
                  "justifyContent": "center",
                  "paddingBottom": 0,
                  "paddingLeft": 24,
                  "paddingRight": 24,
                  "paddingTop": 0,
                },
              ]
            }
          >
            <Image
              resizeMode="cover"
              source={
                Object {
                  "canInstrument": true,
                  "createTransformer": [Function],
                  "getCacheKey": [Function],
                  "process": [Function],
                }
              }
              style={
                Array [
                  Object {
                    "bottom": 0,
                    "left": 0,
                    "position": "absolute",
                    "right": 0,
                    "top": 0,
                  },
                  Object {
                    "height": undefined,
                    "width": undefined,
                  },
                  Object {
                    "opacity": 0.7,
                  },
                ]
              }
            />
            <Text
              style={
                Array [
                  Object {
                    "color": "#000000",
                    "fontFamily": "avenir",
                    "fontSize": 24,
                    "fontWeight": "800",
                    "maxWidth": "60%",
                    "textAlign": "center",
                  },
                  Object {
                    "fontSize": 32,
                    "marginTop": 200,
                  },
                ]
              }
            >
              Code of Conduct
            </Text>
          </View>
        </View>
        <View
          style={
            Object {
              "backgroundColor": "#EAEBF4",
              "paddingHorizontal": 80,
              "paddingVertical": 40,
            }
          }
        >
          <Text
            style={
              Object {
                "color": "#000000",
                "fontFamily": "avenir",
                "fontSize": 16,
                "fontWeight": "400",
                "lineHeight": 24,
                "textAlign": "center",
              }
            }
          >
            We expect dooboolab's contributors to act professionally and respectfully. All contributors should have their own self-observation ability so that our environment can grow wisely.
          </Text>
        </View>
        <View
          style={
            Array [
              Object {
                "alignItems": "center",
                "flexDirection": "column",
                "justifyContent": "center",
                "paddingBottom": 20,
                "paddingLeft": 0,
                "paddingRight": 0,
                "paddingTop": 20,
              },
            ]
          }
        >
          <View
            style={
              Object {
                "alignItems": "center",
                "flexDirection": "column",
                "justifyContent": "center",
                "marginTop": 40,
                "paddingHorizontal": 40,
              }
            }
          >
            <Text
              style={
                Array [
                  Object {
                    "color": "#000000",
                    "fontFamily": "avenir",
                    "fontSize": 24,
                    "fontWeight": "800",
                    "maxWidth": "60%",
                    "textAlign": "center",
                  },
                  Object {
                    "color": "#393D7A",
                    "fontSize": 20,
                    "marginBottom": 20,
                    "marginTop": 24,
                  },
                ]
              }
            >
              We expect all contributors to avoid bad behaviors affected by the bad culture
            </Text>
            <View
              style={
                Array [
                  Object {
                    "alignItems": "flex-start",
                    "alignSelf": "center",
                    "borderColor": "#EDEDED",
                    "borderRadius": 10,
                    "borderWidth": 2,
                    "flexDirection": "column",
                    "justifyContent": "center",
                    "marginVertical": 24,
                    "paddingHorizontal": 32,
                    "paddingVertical": 24,
                  },
                  false,
                  false,
                ]
              }
            >
              <View
                style={
                  Object {
                    "flexDirection": "row",
                  }
                }
              >
                <Text
                  style={
                    Object {
                      "color": "#000000",
                      "fontSize": 18,
                      "marginTop": 3,
                    }
                  }
                >
                  •
                   
                </Text>
                <Text
                  style={
                    Array [
                      Object {
                        "color": "#000000",
                        "fontFamily": "avenir",
                        "fontSize": 18,
                        "fontWeight": "300",
                        "lineHeight": 30,
                        "maxWidth": "60%",
                        "textAlign": "center",
                      },
                      Object {
                        "fontSize": 16,
                        "maxWidth": "100%",
                        "textAlign": "left",
                      },
                    ]
                  }
                >
                  Discrimination. Equal treatment regardless of race, gender, age or sexual orientation
                </Text>
              </View>
              <View
                style={
                  Object {
                    "flexDirection": "row",
                  }
                }
              >
                <Text
                  style={
                    Object {
                      "color": "#000000",
                      "fontSize": 18,
                      "marginTop": 3,
                    }
                  }
                >
                  •
                   
                </Text>
                <Text
                  style={
                    Array [
                      Object {
                        "color": "#000000",
                        "fontFamily": "avenir",
                        "fontSize": 18,
                        "fontWeight": "300",
                        "lineHeight": 30,
                        "maxWidth": "60%",
                        "textAlign": "center",
                      },
                      Object {
                        "fontSize": 16,
                        "maxWidth": "100%",
                        "textAlign": "left",
                      },
                    ]
                  }
                >
                  Pointing out on other's appearance.
                </Text>
              </View>
              <View
                style={
                  Object {
                    "flexDirection": "row",
                  }
                }
              >
                <Text
                  style={
                    Object {
                      "color": "#000000",
                      "fontSize": 18,
                      "marginTop": 3,
                    }
                  }
                >
                  •
                   
                </Text>
                <Text
                  style={
                    Array [
                      Object {
                        "color": "#000000",
                        "fontFamily": "avenir",
                        "fontSize": 18,
                        "fontWeight": "300",
                        "lineHeight": 30,
                        "maxWidth": "60%",
                        "textAlign": "center",
                      },
                      Object {
                        "fontSize": 16,
                        "maxWidth": "100%",
                        "textAlign": "left",
                      },
                    ]
                  }
                >
                  Insulting one's parents or family members.
                </Text>
              </View>
              <View
                style={
                  Object {
                    "flexDirection": "row",
                  }
                }
              >
                <Text
                  style={
                    Object {
                      "color": "#000000",
                      "fontSize": 18,
                      "marginTop": 3,
                    }
                  }
                >
                  •
                   
                </Text>
                <Text
                  style={
                    Array [
                      Object {
                        "color": "#000000",
                        "fontFamily": "avenir",
                        "fontSize": 18,
                        "fontWeight": "300",
                        "lineHeight": 30,
                        "maxWidth": "60%",
                        "textAlign": "center",
                      },
                      Object {
                        "fontSize": 16,
                        "maxWidth": "100%",
                        "textAlign": "left",
                      },
                    ]
                  }
                >
                  Any kind of negative office or workplace politics speaking on other's opinion rather than your own. Wrongfully judging and denoucing others.
                </Text>
              </View>
              <View
                style={
                  Object {
                    "flexDirection": "row",
                  }
                }
              >
                <Text
                  style={
                    Object {
                      "color": "#000000",
                      "fontSize": 18,
                      "marginTop": 3,
                    }
                  }
                >
                  •
                   
                </Text>
                <Text
                  style={
                    Array [
                      Object {
                        "color": "#000000",
                        "fontFamily": "avenir",
                        "fontSize": 18,
                        "fontWeight": "300",
                        "lineHeight": 30,
                        "maxWidth": "60%",
                        "textAlign": "center",
                      },
                      Object {
                        "fontSize": 16,
                        "maxWidth": "100%",
                        "textAlign": "left",
                      },
                    ]
                  }
                >
                  Violence and agressive attitudes. We want all people to feel safe in our community.
                </Text>
              </View>
              <View
                style={
                  Object {
                    "flexDirection": "row",
                  }
                }
              >
                <Text
                  style={
                    Object {
                      "color": "#000000",
                      "fontSize": 18,
                      "marginTop": 3,
                    }
                  }
                >
                  •
                   
                </Text>
                <Text
                  style={
                    Array [
                      Object {
                        "color": "#000000",
                        "fontFamily": "avenir",
                        "fontSize": 18,
                        "fontWeight": "300",
                        "lineHeight": 30,
                        "maxWidth": "60%",
                        "textAlign": "center",
                      },
                      Object {
                        "fontSize": 16,
                        "maxWidth": "100%",
                        "textAlign": "left",
                      },
                    ]
                  }
                >
                  Belittling others.
                </Text>
              </View>
              <View
                style={
                  Object {
                    "flexDirection": "row",
                  }
                }
              >
                <Text
                  style={
                    Object {
                      "color": "#000000",
                      "fontSize": 18,
                      "marginTop": 3,
                    }
                  }
                >
                  •
                   
                </Text>
                <Text
                  style={
                    Array [
                      Object {
                        "color": "#000000",
                        "fontFamily": "avenir",
                        "fontSize": 18,
                        "fontWeight": "300",
                        "lineHeight": 30,
                        "maxWidth": "60%",
                        "textAlign": "center",
                      },
                      Object {
                        "fontSize": 16,
                        "maxWidth": "100%",
                        "textAlign": "left",
                      },
                    ]
                  }
                >
                  Copyright infringement.
                </Text>
              </View>
            </View>
          </View>
          <View
            style={
              Object {
                "alignItems": "center",
                "flexDirection": "column",
                "justifyContent": "center",
                "marginTop": 40,
                "paddingHorizontal": 40,
              }
            }
          >
            <Text
              style={
                Array [
                  Object {
                    "color": "#000000",
                    "fontFamily": "avenir",
                    "fontSize": 24,
                    "fontWeight": "800",
                    "maxWidth": "60%",
                    "textAlign": "center",
                  },
                  Object {
                    "color": "#393D7A",
                    "fontSize": 20,
                    "marginBottom": 20,
                    "marginTop": 24,
                  },
                ]
              }
            >
              We hope to contribute in creating a better world
            </Text>
            <View
              style={
                Array [
                  Object {
                    "alignItems": "flex-start",
                    "alignSelf": "center",
                    "borderColor": "#EDEDED",
                    "borderRadius": 10,
                    "borderWidth": 2,
                    "flexDirection": "column",
                    "justifyContent": "center",
                    "marginVertical": 24,
                    "paddingHorizontal": 32,
                    "paddingVertical": 24,
                  },
                  false,
                  false,
                ]
              }
            >
              <View
                style={
                  Object {
                    "flexDirection": "row",
                  }
                }
              >
                <Text
                  style={
                    Object {
                      "color": "#000000",
                      "fontSize": 18,
                      "marginTop": 3,
                    }
                  }
                >
                  •
                   
                </Text>
                <Text
                  style={
                    Array [
                      Object {
                        "color": "#000000",
                        "fontFamily": "avenir",
                        "fontSize": 18,
                        "fontWeight": "300",
                        "lineHeight": 30,
                        "maxWidth": "60%",
                        "textAlign": "center",
                      },
                      Object {
                        "fontSize": 16,
                        "maxWidth": "100%",
                        "textAlign": "left",
                      },
                    ]
                  }
                >
                  Respect people
                </Text>
              </View>
              <View
                style={
                  Object {
                    "flexDirection": "row",
                  }
                }
              >
                <Text
                  style={
                    Object {
                      "color": "#000000",
                      "fontSize": 18,
                      "marginTop": 3,
                    }
                  }
                >
                  •
                   
                </Text>
                <Text
                  style={
                    Array [
                      Object {
                        "color": "#000000",
                        "fontFamily": "avenir",
                        "fontSize": 18,
                        "fontWeight": "300",
                        "lineHeight": 30,
                        "maxWidth": "60%",
                        "textAlign": "center",
                      },
                      Object {
                        "fontSize": 16,
                        "maxWidth": "100%",
                        "textAlign": "left",
                      },
                    ]
                  }
                >
                  Don’t be afraid to speak up.
                </Text>
              </View>
              <View
                style={
                  Object {
                    "flexDirection": "row",
                  }
                }
              >
                <Text
                  style={
                    Object {
                      "color": "#000000",
                      "fontSize": 18,
                      "marginTop": 3,
                    }
                  }
                >
                  •
                   
                </Text>
                <Text
                  style={
                    Array [
                      Object {
                        "color": "#000000",
                        "fontFamily": "avenir",
                        "fontSize": 18,
                        "fontWeight": "300",
                        "lineHeight": 30,
                        "maxWidth": "60%",
                        "textAlign": "center",
                      },
                      Object {
                        "fontSize": 16,
                        "maxWidth": "100%",
                        "textAlign": "left",
                      },
                    ]
                  }
                >
                  Help people rather than blaming. Anyone can make mistakes..
                </Text>
              </View>
              <View
                style={
                  Object {
                    "flexDirection": "row",
                  }
                }
              >
                <Text
                  style={
                    Object {
                      "color": "#000000",
                      "fontSize": 18,
                      "marginTop": 3,
                    }
                  }
                >
                  •
                   
                </Text>
                <Text
                  style={
                    Array [
                      Object {
                        "color": "#000000",
                        "fontFamily": "avenir",
                        "fontSize": 18,
                        "fontWeight": "300",
                        "lineHeight": 30,
                        "maxWidth": "60%",
                        "textAlign": "center",
                      },
                      Object {
                        "fontSize": 16,
                        "maxWidth": "100%",
                        "textAlign": "left",
                      },
                    ]
                  }
                >
                  Grow with the community and take advantage of it.
                </Text>
              </View>
              <View
                style={
                  Object {
                    "flexDirection": "row",
                  }
                }
              >
                <Text
                  style={
                    Object {
                      "color": "#000000",
                      "fontSize": 18,
                      "marginTop": 3,
                    }
                  }
                >
                  •
                   
                </Text>
                <Text
                  style={
                    Array [
                      Object {
                        "color": "#000000",
                        "fontFamily": "avenir",
                        "fontSize": 18,
                        "fontWeight": "300",
                        "lineHeight": 30,
                        "maxWidth": "60%",
                        "textAlign": "center",
                      },
                      Object {
                        "fontSize": 16,
                        "maxWidth": "100%",
                        "textAlign": "left",
                      },
                    ]
                  }
                >
                  Try to be rational rather than emotional.
                </Text>
              </View>
              <View
                style={
                  Object {
                    "flexDirection": "row",
                  }
                }
              >
                <Text
                  style={
                    Object {
                      "color": "#000000",
                      "fontSize": 18,
                      "marginTop": 3,
                    }
                  }
                >
                  •
                   
                </Text>
                <Text
                  style={
                    Array [
                      Object {
                        "color": "#000000",
                        "fontFamily": "avenir",
                        "fontSize": 18,
                        "fontWeight": "300",
                        "lineHeight": 30,
                        "maxWidth": "60%",
                        "textAlign": "center",
                      },
                      Object {
                        "fontSize": 16,
                        "maxWidth": "100%",
                        "textAlign": "left",
                      },
                    ]
                  }
                >
                  Improve communication skills, which is a challenge for everyone.
                </Text>
              </View>
            </View>
          </View>
        </View>
        <View
          style={
            Array [
              Object {
                "alignItems": "center",
                "alignSelf": "stretch",
                "backgroundColor": "#FFFFFF",
                "flexDirection": "row",
                "justifyContent": "space-around",
                "minHeight": 110,
                "paddingBottom": 12,
                "paddingLeft": 0,
                "paddingRight": 0,
                "paddingTop": 12,
              },
            ]
          }
        >
          <View
            style={
              Array [
                Object {
                  "alignItems": "center",
                  "flexBasis": 0,
                  "flexDirection": "column",
                  "flexGrow": 1,
                  "flexShrink": 1,
                  "justifyContent": "center",
                },
              ]
            }
          >
            <Text
              style={
                Array [
                  Object {
                    "color": "#000000",
                    "fontFamily": "avenir",
                    "fontSize": 18,
                    "fontWeight": "300",
                    "lineHeight": 30,
                    "maxWidth": "60%",
                    "textAlign": "center",
                  },
                  Object {
                    "fontSize": 14,
                  },
                ]
              }
            >
              Address
            </Text>
            <Text
              style={
                Array [
                  Object {
                    "color": "#000000",
                    "fontFamily": "avenir",
                    "fontSize": 18,
                    "fontWeight": "300",
                    "lineHeight": 30,
                    "maxWidth": "60%",
                    "textAlign": "center",
                  },
                  Object {
                    "fontSize": 12,
                    "lineHeight": 18,
                    "marginTop": 4,
                  },
                ]
              }
            >
              203, 40, Seolleung-ro 93-gil, Gangnam-gu, Seoul, Republic of Korea
            </Text>
          </View>
          <View
            style={
              Array [
                Object {
                  "alignItems": "center",
                  "flexBasis": 0,
                  "flexDirection": "column",
                  "flexGrow": 1,
                  "flexShrink": 1,
                  "justifyContent": "center",
                  "paddingBottom": 4,
                  "paddingLeft": 0,
                  "paddingRight": 0,
                  "paddingTop": 4,
                },
              ]
            }
          >
            <View
              activeOpacity={0.7}
              onMouseEnter={[Function]}
              onMouseLeave={[Function]}
              onPress={[MockFunction]}
              onPressIn={[Function]}
              onPressOut={[Function]}
              onResponderGrant={[Function]}
              onResponderRelease={[Function]}
              style={
                Array [
                  Object {
                    "alignItems": "center",
                    "justifyContent": "center",
                  },
                  Object {
                    "marginHorizontal": 10,
                  },
                ]
              }
            >
              <Text
                style={
                  Array [
                    Object {
                      "color": "#B446BF",
                      "fontSize": 12,
                      "textDecorationLine": "underline",
                    },
                    false,
                  ]
                }
              >
                Vision & Mission
              </Text>
            </View>
            <View
              activeOpacity={0.7}
              onMouseEnter={[Function]}
              onMouseLeave={[Function]}
              onPress={[MockFunction]}
              onPressIn={[Function]}
              onPressOut={[Function]}
              onResponderGrant={[Function]}
              onResponderRelease={[Function]}
              style={
                Array [
                  Object {
                    "alignItems": "center",
                    "justifyContent": "center",
                  },
                  Object {
                    "marginHorizontal": 10,
                    "marginTop": 4,
                  },
                ]
              }
            >
              <Text
                style={
                  Array [
                    Object {
                      "color": "#B446BF",
                      "fontSize": 12,
                      "textDecorationLine": "underline",
                    },
                    false,
                  ]
                }
              >
                Code of conduct
              </Text>
            </View>
            <Text
              style={
                Array [
                  Object {
                    "color": "#000000",
                    "fontSize": 10,
                    "marginTop": 10,
                    "textAlign": "center",
                  },
                ]
              }
            >
              ©2017-
              2021
               
              dooboolab, All Rights Reserved
            </Text>
          </View>
        </View>
      </View>
    </RCTScrollView>
  </RCTSafeAreaView>
</View>
`;

exports[`Rendering renders without crashing 1`] = `
<View
  style={
    Object {
      "alignItems": "center",
      "flex": 1,
      "justifyContent": "center",
    }
  }
>
  <RCTSafeAreaView
    emulateUnlessSupported={true}
    style={
      Array [
        Object {
          "alignItems": "center",
          "alignSelf": "stretch",
          "backgroundColor": "#FFFFFF",
          "flexBasis": 0,
          "flexDirection": "column",
          "flexGrow": 1,
          "flexShrink": 1,
          "justifyContent": "flex-start",
        },
      ]
    }
  >
    <View
      style={
        Array [
          Object {
            "alignItems": "center",
            "alignSelf": "stretch",
            "backgroundColor": "#FFFFFF",
            "flexDirection": "row",
            "flexWrap": "wrap",
            "justifyContent": "center",
            "paddingBottom": 0,
            "paddingLeft": 24,
            "paddingRight": 24,
            "paddingTop": 0,
          },
        ]
      }
    >
      <View
        onMouseEnter={[Function]}
        onMouseLeave={[Function]}
        onPress={[MockFunction]}
        onPressIn={[Function]}
        onPressOut={[Function]}
        onResponderGrant={[Function]}
        onResponderRelease={[Function]}
        style={
          Array [
            Object {
              "alignItems": "center",
              "justifyContent": "center",
            },
            Object {
              "alignSelf": "center",
            },
          ]
        }
      >
        <Image
          source={
            Object {
              "canInstrument": true,
              "createTransformer": [Function],
              "getCacheKey": [Function],
              "process": [Function],
            }
          }
          style={
            Array [
              Object {
                "height": 52,
                "marginBottom": 12,
                "marginLeft": 0,
                "marginRight": 0,
                "marginTop": 12,
                "width": 124,
              },
              false,
            ]
          }
        />
      </View>
      <View
        style={
          Array [
            Object {
              "alignItems": "center",
              "flexDirection": "row",
              "marginBottom": 14,
            },
          ]
        }
      />
      <View
        style={
          Array [
            Object {
              "left": 20,
              "position": "absolute",
              "top": 25,
              "width": 80,
            },
          ]
        }
      >
        <View
          activeOpacity={0.7}
          delayPressIn={50}
          onPress={[MockFunction]}
        >
          <View
            onLayout={[Function]}
            style={
              Array [
                Object {
                  "alignItems": "center",
                  "alignSelf": "stretch",
                  "backgroundColor": "#393D7A",
                  "flexDirection": "row",
                  "justifyContent": "center",
                  "paddingBottom": 8,
                  "paddingLeft": 12,
                  "paddingRight": 12,
                  "paddingTop": 8,
                },
                Object {
                  "backgroundColor": "#FFFFFF",
                  "borderColor": "#B446BF",
                  "borderRadius": 20,
                  "borderWidth": 1,
                  "height": 24,
                  "width": 68,
                },
                false,
                undefined,
              ]
            }
            testID="button-view"
          >
            <Text
              style={
                Array [
                  Object {
                    "color": "white",
                    "fontSize": 14,
                  },
                  Object {
                    "color": "#B446BF",
                    "fontSize": 11,
                    "paddingBottom": 12,
                    "paddingHorizontal": 0,
                  },
                  undefined,
                ]
              }
            >
              Sign In
            </Text>
          </View>
        </View>
      </View>
      <View
        style={
          Array [
            Object {
              "position": "absolute",
              "right": 20,
              "top": 25,
            },
          ]
        }
      >
        <View
          style={
            Object {
              "alignItems": "center",
              "flexDirection": "row",
            }
          }
        >
          <View
            activeOpacity={0.8}
            onPress={[MockFunction]}
            style={
              Array [
                Object {
                  "backgroundColor": "#ecf0f1",
                  "borderRadius": 20,
                  "justifyContent": "center",
                  "padding": 12,
                  "width": 46,
                },
                Object {},
              ]
            }
          >
            <View
              style={
                Object {
                  "alignItems": "center",
                  "backgroundColor": "white",
                  "borderRadius": 9,
                  "elevation": 1.5,
                  "height": 18,
                  "justifyContent": "center",
                  "left": 0,
                  "margin": 4,
                  "position": "absolute",
                  "shadowColor": "#000",
                  "shadowOffset": Object {
                    "height": 2,
                    "width": 0,
                  },
                  "shadowOpacity": 0.2,
                  "shadowRadius": 2.5,
                  "transform": Array [
                    Object {
                      "translateX": 0,
                    },
                  ],
                  "width": 18,
                }
              }
            />
          </View>
        </View>
      </View>
    </View>
    <RCTScrollView
      style={
        Object {
          "width": "100%",
        }
      }
    >
      <View>
        <View
          style={
            Array [
              Object {
                "alignSelf": "stretch",
                "minHeight": 300,
              },
            ]
          }
        >
          <View
            accessibilityIgnoresInvertColors={true}
            style={
              Array [
                Object {
                  "alignItems": "center",
                  "flexBasis": 0,
                  "flexDirection": "column",
                  "flexGrow": 1,
                  "flexShrink": 1,
                  "justifyContent": "center",
                  "paddingBottom": 0,
                  "paddingLeft": 24,
                  "paddingRight": 24,
                  "paddingTop": 0,
                },
              ]
            }
          >
            <Image
              resizeMode="cover"
              source={
                Object {
                  "canInstrument": true,
                  "createTransformer": [Function],
                  "getCacheKey": [Function],
                  "process": [Function],
                }
              }
              style={
                Array [
                  Object {
                    "bottom": 0,
                    "left": 0,
                    "position": "absolute",
                    "right": 0,
                    "top": 0,
                  },
                  Object {
                    "height": undefined,
                    "width": undefined,
                  },
                  Object {
                    "opacity": 0.7,
                  },
                ]
              }
            />
            <Text
              style={
                Array [
                  Object {
                    "color": "#000000",
                    "fontFamily": "avenir",
                    "fontSize": 24,
                    "fontWeight": "800",
                    "maxWidth": "60%",
                    "textAlign": "center",
                  },
                  Object {
                    "fontSize": 32,
                    "marginTop": 200,
                  },
                ]
              }
            >
              Code of Conduct
            </Text>
          </View>
        </View>
        <View
          style={
            Object {
              "backgroundColor": "#EAEBF4",
              "paddingHorizontal": 80,
              "paddingVertical": 40,
            }
          }
        >
          <Text
            style={
              Object {
                "color": "#000000",
                "fontFamily": "avenir",
                "fontSize": 16,
                "fontWeight": "400",
                "lineHeight": 24,
                "textAlign": "center",
              }
            }
          >
            We expect dooboolab's contributors to act professionally and respectfully. All contributors should have their own self-observation ability so that our environment can grow wisely.
          </Text>
        </View>
        <View
          style={
            Array [
              Object {
                "alignItems": "center",
                "flexDirection": "column",
                "justifyContent": "center",
                "paddingBottom": 20,
                "paddingLeft": 0,
                "paddingRight": 0,
                "paddingTop": 20,
              },
            ]
          }
        >
          <View
            style={
              Object {
                "alignItems": "center",
                "flexDirection": "column",
                "justifyContent": "center",
                "marginTop": 40,
                "paddingHorizontal": 40,
              }
            }
          >
            <Text
              style={
                Array [
                  Object {
                    "color": "#000000",
                    "fontFamily": "avenir",
                    "fontSize": 24,
                    "fontWeight": "800",
                    "maxWidth": "60%",
                    "textAlign": "center",
                  },
                  Object {
                    "color": "#393D7A",
                    "fontSize": 20,
                    "marginBottom": 20,
                    "marginTop": 24,
                  },
                ]
              }
            >
              We expect all contributors to avoid bad behaviors affected by the bad culture
            </Text>
            <View
              style={
                Array [
                  Object {
                    "alignItems": "flex-start",
                    "alignSelf": "center",
                    "borderColor": "#EDEDED",
                    "borderRadius": 10,
                    "borderWidth": 2,
                    "flexDirection": "column",
                    "justifyContent": "center",
                    "marginVertical": 24,
                    "paddingHorizontal": 32,
                    "paddingVertical": 24,
                  },
                  false,
                  false,
                ]
              }
            >
              <View
                style={
                  Object {
                    "flexDirection": "row",
                  }
                }
              >
                <Text
                  style={
                    Object {
                      "color": "#000000",
                      "fontSize": 18,
                      "marginTop": 3,
                    }
                  }
                >
                  •
                   
                </Text>
                <Text
                  style={
                    Array [
                      Object {
                        "color": "#000000",
                        "fontFamily": "avenir",
                        "fontSize": 18,
                        "fontWeight": "300",
                        "lineHeight": 30,
                        "maxWidth": "60%",
                        "textAlign": "center",
                      },
                      Object {
                        "fontSize": 16,
                        "maxWidth": "100%",
                        "textAlign": "left",
                      },
                    ]
                  }
                >
                  Discrimination. Equal treatment regardless of race, gender, age or sexual orientation
                </Text>
              </View>
              <View
                style={
                  Object {
                    "flexDirection": "row",
                  }
                }
              >
                <Text
                  style={
                    Object {
                      "color": "#000000",
                      "fontSize": 18,
                      "marginTop": 3,
                    }
                  }
                >
                  •
                   
                </Text>
                <Text
                  style={
                    Array [
                      Object {
                        "color": "#000000",
                        "fontFamily": "avenir",
                        "fontSize": 18,
                        "fontWeight": "300",
                        "lineHeight": 30,
                        "maxWidth": "60%",
                        "textAlign": "center",
                      },
                      Object {
                        "fontSize": 16,
                        "maxWidth": "100%",
                        "textAlign": "left",
                      },
                    ]
                  }
                >
                  Pointing out on other's appearance.
                </Text>
              </View>
              <View
                style={
                  Object {
                    "flexDirection": "row",
                  }
                }
              >
                <Text
                  style={
                    Object {
                      "color": "#000000",
                      "fontSize": 18,
                      "marginTop": 3,
                    }
                  }
                >
                  •
                   
                </Text>
                <Text
                  style={
                    Array [
                      Object {
                        "color": "#000000",
                        "fontFamily": "avenir",
                        "fontSize": 18,
                        "fontWeight": "300",
                        "lineHeight": 30,
                        "maxWidth": "60%",
                        "textAlign": "center",
                      },
                      Object {
                        "fontSize": 16,
                        "maxWidth": "100%",
                        "textAlign": "left",
                      },
                    ]
                  }
                >
                  Insulting one's parents or family members.
                </Text>
              </View>
              <View
                style={
                  Object {
                    "flexDirection": "row",
                  }
                }
              >
                <Text
                  style={
                    Object {
                      "color": "#000000",
                      "fontSize": 18,
                      "marginTop": 3,
                    }
                  }
                >
                  •
                   
                </Text>
                <Text
                  style={
                    Array [
                      Object {
                        "color": "#000000",
                        "fontFamily": "avenir",
                        "fontSize": 18,
                        "fontWeight": "300",
                        "lineHeight": 30,
                        "maxWidth": "60%",
                        "textAlign": "center",
                      },
                      Object {
                        "fontSize": 16,
                        "maxWidth": "100%",
                        "textAlign": "left",
                      },
                    ]
                  }
                >
                  Any kind of negative office or workplace politics speaking on other's opinion rather than your own. Wrongfully judging and denoucing others.
                </Text>
              </View>
              <View
                style={
                  Object {
                    "flexDirection": "row",
                  }
                }
              >
                <Text
                  style={
                    Object {
                      "color": "#000000",
                      "fontSize": 18,
                      "marginTop": 3,
                    }
                  }
                >
                  •
                   
                </Text>
                <Text
                  style={
                    Array [
                      Object {
                        "color": "#000000",
                        "fontFamily": "avenir",
                        "fontSize": 18,
                        "fontWeight": "300",
                        "lineHeight": 30,
                        "maxWidth": "60%",
                        "textAlign": "center",
                      },
                      Object {
                        "fontSize": 16,
                        "maxWidth": "100%",
                        "textAlign": "left",
                      },
                    ]
                  }
                >
                  Violence and agressive attitudes. We want all people to feel safe in our community.
                </Text>
              </View>
              <View
                style={
                  Object {
                    "flexDirection": "row",
                  }
                }
              >
                <Text
                  style={
                    Object {
                      "color": "#000000",
                      "fontSize": 18,
                      "marginTop": 3,
                    }
                  }
                >
                  •
                   
                </Text>
                <Text
                  style={
                    Array [
                      Object {
                        "color": "#000000",
                        "fontFamily": "avenir",
                        "fontSize": 18,
                        "fontWeight": "300",
                        "lineHeight": 30,
                        "maxWidth": "60%",
                        "textAlign": "center",
                      },
                      Object {
                        "fontSize": 16,
                        "maxWidth": "100%",
                        "textAlign": "left",
                      },
                    ]
                  }
                >
                  Belittling others.
                </Text>
              </View>
              <View
                style={
                  Object {
                    "flexDirection": "row",
                  }
                }
              >
                <Text
                  style={
                    Object {
                      "color": "#000000",
                      "fontSize": 18,
                      "marginTop": 3,
                    }
                  }
                >
                  •
                   
                </Text>
                <Text
                  style={
                    Array [
                      Object {
                        "color": "#000000",
                        "fontFamily": "avenir",
                        "fontSize": 18,
                        "fontWeight": "300",
                        "lineHeight": 30,
                        "maxWidth": "60%",
                        "textAlign": "center",
                      },
                      Object {
                        "fontSize": 16,
                        "maxWidth": "100%",
                        "textAlign": "left",
                      },
                    ]
                  }
                >
                  Copyright infringement.
                </Text>
              </View>
            </View>
          </View>
          <View
            style={
              Object {
                "alignItems": "center",
                "flexDirection": "column",
                "justifyContent": "center",
                "marginTop": 40,
                "paddingHorizontal": 40,
              }
            }
          >
            <Text
              style={
                Array [
                  Object {
                    "color": "#000000",
                    "fontFamily": "avenir",
                    "fontSize": 24,
                    "fontWeight": "800",
                    "maxWidth": "60%",
                    "textAlign": "center",
                  },
                  Object {
                    "color": "#393D7A",
                    "fontSize": 20,
                    "marginBottom": 20,
                    "marginTop": 24,
                  },
                ]
              }
            >
              We hope to contribute in creating a better world
            </Text>
            <View
              style={
                Array [
                  Object {
                    "alignItems": "flex-start",
                    "alignSelf": "center",
                    "borderColor": "#EDEDED",
                    "borderRadius": 10,
                    "borderWidth": 2,
                    "flexDirection": "column",
                    "justifyContent": "center",
                    "marginVertical": 24,
                    "paddingHorizontal": 32,
                    "paddingVertical": 24,
                  },
                  false,
                  false,
                ]
              }
            >
              <View
                style={
                  Object {
                    "flexDirection": "row",
                  }
                }
              >
                <Text
                  style={
                    Object {
                      "color": "#000000",
                      "fontSize": 18,
                      "marginTop": 3,
                    }
                  }
                >
                  •
                   
                </Text>
                <Text
                  style={
                    Array [
                      Object {
                        "color": "#000000",
                        "fontFamily": "avenir",
                        "fontSize": 18,
                        "fontWeight": "300",
                        "lineHeight": 30,
                        "maxWidth": "60%",
                        "textAlign": "center",
                      },
                      Object {
                        "fontSize": 16,
                        "maxWidth": "100%",
                        "textAlign": "left",
                      },
                    ]
                  }
                >
                  Respect people
                </Text>
              </View>
              <View
                style={
                  Object {
                    "flexDirection": "row",
                  }
                }
              >
                <Text
                  style={
                    Object {
                      "color": "#000000",
                      "fontSize": 18,
                      "marginTop": 3,
                    }
                  }
                >
                  •
                   
                </Text>
                <Text
                  style={
                    Array [
                      Object {
                        "color": "#000000",
                        "fontFamily": "avenir",
                        "fontSize": 18,
                        "fontWeight": "300",
                        "lineHeight": 30,
                        "maxWidth": "60%",
                        "textAlign": "center",
                      },
                      Object {
                        "fontSize": 16,
                        "maxWidth": "100%",
                        "textAlign": "left",
                      },
                    ]
                  }
                >
                  Don’t be afraid to speak up.
                </Text>
              </View>
              <View
                style={
                  Object {
                    "flexDirection": "row",
                  }
                }
              >
                <Text
                  style={
                    Object {
                      "color": "#000000",
                      "fontSize": 18,
                      "marginTop": 3,
                    }
                  }
                >
                  •
                   
                </Text>
                <Text
                  style={
                    Array [
                      Object {
                        "color": "#000000",
                        "fontFamily": "avenir",
                        "fontSize": 18,
                        "fontWeight": "300",
                        "lineHeight": 30,
                        "maxWidth": "60%",
                        "textAlign": "center",
                      },
                      Object {
                        "fontSize": 16,
                        "maxWidth": "100%",
                        "textAlign": "left",
                      },
                    ]
                  }
                >
                  Help people rather than blaming. Anyone can make mistakes..
                </Text>
              </View>
              <View
                style={
                  Object {
                    "flexDirection": "row",
                  }
                }
              >
                <Text
                  style={
                    Object {
                      "color": "#000000",
                      "fontSize": 18,
                      "marginTop": 3,
                    }
                  }
                >
                  •
                   
                </Text>
                <Text
                  style={
                    Array [
                      Object {
                        "color": "#000000",
                        "fontFamily": "avenir",
                        "fontSize": 18,
                        "fontWeight": "300",
                        "lineHeight": 30,
                        "maxWidth": "60%",
                        "textAlign": "center",
                      },
                      Object {
                        "fontSize": 16,
                        "maxWidth": "100%",
                        "textAlign": "left",
                      },
                    ]
                  }
                >
                  Grow with the community and take advantage of it.
                </Text>
              </View>
              <View
                style={
                  Object {
                    "flexDirection": "row",
                  }
                }
              >
                <Text
                  style={
                    Object {
                      "color": "#000000",
                      "fontSize": 18,
                      "marginTop": 3,
                    }
                  }
                >
                  •
                   
                </Text>
                <Text
                  style={
                    Array [
                      Object {
                        "color": "#000000",
                        "fontFamily": "avenir",
                        "fontSize": 18,
                        "fontWeight": "300",
                        "lineHeight": 30,
                        "maxWidth": "60%",
                        "textAlign": "center",
                      },
                      Object {
                        "fontSize": 16,
                        "maxWidth": "100%",
                        "textAlign": "left",
                      },
                    ]
                  }
                >
                  Try to be rational rather than emotional.
                </Text>
              </View>
              <View
                style={
                  Object {
                    "flexDirection": "row",
                  }
                }
              >
                <Text
                  style={
                    Object {
                      "color": "#000000",
                      "fontSize": 18,
                      "marginTop": 3,
                    }
                  }
                >
                  •
                   
                </Text>
                <Text
                  style={
                    Array [
                      Object {
                        "color": "#000000",
                        "fontFamily": "avenir",
                        "fontSize": 18,
                        "fontWeight": "300",
                        "lineHeight": 30,
                        "maxWidth": "60%",
                        "textAlign": "center",
                      },
                      Object {
                        "fontSize": 16,
                        "maxWidth": "100%",
                        "textAlign": "left",
                      },
                    ]
                  }
                >
                  Improve communication skills, which is a challenge for everyone.
                </Text>
              </View>
            </View>
          </View>
        </View>
        <View
          style={
            Array [
              Object {
                "alignItems": "center",
                "alignSelf": "stretch",
                "backgroundColor": "#FFFFFF",
                "flexDirection": "row",
                "justifyContent": "space-around",
                "minHeight": 110,
                "paddingBottom": 12,
                "paddingLeft": 0,
                "paddingRight": 0,
                "paddingTop": 12,
              },
            ]
          }
        >
          <View
            style={
              Array [
                Object {
                  "alignItems": "center",
                  "flexBasis": 0,
                  "flexDirection": "column",
                  "flexGrow": 1,
                  "flexShrink": 1,
                  "justifyContent": "center",
                },
              ]
            }
          >
            <Text
              style={
                Array [
                  Object {
                    "color": "#000000",
                    "fontFamily": "avenir",
                    "fontSize": 18,
                    "fontWeight": "300",
                    "lineHeight": 30,
                    "maxWidth": "60%",
                    "textAlign": "center",
                  },
                  Object {
                    "fontSize": 14,
                  },
                ]
              }
            >
              Address
            </Text>
            <Text
              style={
                Array [
                  Object {
                    "color": "#000000",
                    "fontFamily": "avenir",
                    "fontSize": 18,
                    "fontWeight": "300",
                    "lineHeight": 30,
                    "maxWidth": "60%",
                    "textAlign": "center",
                  },
                  Object {
                    "fontSize": 12,
                    "lineHeight": 18,
                    "marginTop": 4,
                  },
                ]
              }
            >
              203, 40, Seolleung-ro 93-gil, Gangnam-gu, Seoul, Republic of Korea
            </Text>
          </View>
          <View
            style={
              Array [
                Object {
                  "alignItems": "center",
                  "flexBasis": 0,
                  "flexDirection": "column",
                  "flexGrow": 1,
                  "flexShrink": 1,
                  "justifyContent": "center",
                  "paddingBottom": 4,
                  "paddingLeft": 0,
                  "paddingRight": 0,
                  "paddingTop": 4,
                },
              ]
            }
          >
            <View
              activeOpacity={0.7}
              onMouseEnter={[Function]}
              onMouseLeave={[Function]}
              onPress={[MockFunction]}
              onPressIn={[Function]}
              onPressOut={[Function]}
              onResponderGrant={[Function]}
              onResponderRelease={[Function]}
              style={
                Array [
                  Object {
                    "alignItems": "center",
                    "justifyContent": "center",
                  },
                  Object {
                    "marginHorizontal": 10,
                  },
                ]
              }
            >
              <Text
                style={
                  Array [
                    Object {
                      "color": "#B446BF",
                      "fontSize": 12,
                      "textDecorationLine": "underline",
                    },
                    false,
                  ]
                }
              >
                Vision & Mission
              </Text>
            </View>
            <View
              activeOpacity={0.7}
              onMouseEnter={[Function]}
              onMouseLeave={[Function]}
              onPress={[MockFunction]}
              onPressIn={[Function]}
              onPressOut={[Function]}
              onResponderGrant={[Function]}
              onResponderRelease={[Function]}
              style={
                Array [
                  Object {
                    "alignItems": "center",
                    "justifyContent": "center",
                  },
                  Object {
                    "marginHorizontal": 10,
                    "marginTop": 4,
                  },
                ]
              }
            >
              <Text
                style={
                  Array [
                    Object {
                      "color": "#B446BF",
                      "fontSize": 12,
                      "textDecorationLine": "underline",
                    },
                    false,
                  ]
                }
              >
                Code of conduct
              </Text>
            </View>
            <Text
              style={
                Array [
                  Object {
                    "color": "#000000",
                    "fontSize": 10,
                    "marginTop": 10,
                    "textAlign": "center",
                  },
                ]
              }
            >
              ©2017-
              2021
               
              dooboolab, All Rights Reserved
            </Text>
          </View>
        </View>
      </View>
    </RCTScrollView>
  </RCTSafeAreaView>
</View>
`;
