// Jest Snapshot v1, https://goo.gl/fbAQLP

exports[`Interaction should simulate onClick 1`] = `
<View
  style={
    Object {
      "alignItems": "center",
      "flex": 1,
      "justifyContent": "center",
    }
  }
>
  <RCTSafeAreaView
    emulateUnlessSupported={true}
    style={
      Array [
        Object {
          "alignItems": "flex-start",
          "alignSelf": "stretch",
          "backgroundColor": "#FFFFFF",
          "flexBasis": 0,
          "flexDirection": "column",
          "flexGrow": 1,
          "flexShrink": 1,
          "justifyContent": "flex-start",
        },
      ]
    }
  >
    <View
      style={
        Array [
          Object {
            "alignItems": "center",
            "alignSelf": "stretch",
            "backgroundColor": "#FFFFFF",
            "flexDirection": "row",
            "flexWrap": "wrap",
            "justifyContent": "center",
            "paddingBottom": 0,
            "paddingLeft": 24,
            "paddingRight": 24,
            "paddingTop": 0,
          },
        ]
      }
    >
      <View
        onMouseEnter={[Function]}
        onMouseLeave={[Function]}
        onPress={[MockFunction]}
        onPressIn={[Function]}
        onPressOut={[Function]}
        onResponderGrant={[Function]}
        onResponderRelease={[Function]}
        style={
          Array [
            Object {
              "alignItems": "center",
              "justifyContent": "center",
            },
            Object {
              "alignSelf": "center",
            },
          ]
        }
      >
        <Image
          source={
            Object {
              "canInstrument": true,
              "createTransformer": [Function],
              "getCacheKey": [Function],
              "process": [Function],
            }
          }
          style={
            Array [
              Object {
                "height": 52,
                "marginBottom": 12,
                "marginLeft": 0,
                "marginRight": 0,
                "marginTop": 12,
                "width": 124,
              },
              false,
            ]
          }
        />
      </View>
      <View
        style={
          Array [
            Object {
              "alignItems": "center",
              "flexDirection": "row",
              "marginBottom": 14,
            },
          ]
        }
      />
      <View
        style={
          Array [
            Object {
              "left": 20,
              "position": "absolute",
              "top": 25,
              "width": 80,
            },
          ]
        }
      >
        <View
          activeOpacity={0.7}
          delayPressIn={50}
          onPress={[MockFunction]}
        >
          <View
            onLayout={[Function]}
            style={
              Array [
                Object {
                  "alignItems": "center",
                  "alignSelf": "stretch",
                  "backgroundColor": "#393D7A",
                  "flexDirection": "row",
                  "justifyContent": "center",
                  "paddingBottom": 8,
                  "paddingLeft": 12,
                  "paddingRight": 12,
                  "paddingTop": 8,
                },
                Object {
                  "backgroundColor": "#FFFFFF",
                  "borderColor": "#B446BF",
                  "borderRadius": 20,
                  "borderWidth": 1,
                  "height": 24,
                  "width": 68,
                },
                false,
                undefined,
              ]
            }
            testID="button-view"
          >
            <Text
              style={
                Array [
                  Object {
                    "color": "white",
                    "fontSize": 14,
                  },
                  Object {
                    "color": "#B446BF",
                    "fontSize": 11,
                    "paddingBottom": 12,
                    "paddingHorizontal": 0,
                  },
                  undefined,
                ]
              }
            >
              Sign In
            </Text>
          </View>
        </View>
      </View>
      <View
        style={
          Array [
            Object {
              "position": "absolute",
              "right": 20,
              "top": 25,
            },
          ]
        }
      >
        <View
          style={
            Object {
              "alignItems": "center",
              "flexDirection": "row",
            }
          }
        >
          <View
            activeOpacity={0.8}
            onPress={[MockFunction]}
            style={
              Array [
                Object {
                  "backgroundColor": "#ecf0f1",
                  "borderRadius": 20,
                  "justifyContent": "center",
                  "padding": 12,
                  "width": 46,
                },
                Object {},
              ]
            }
          >
            <View
              style={
                Object {
                  "alignItems": "center",
                  "backgroundColor": "white",
                  "borderRadius": 9,
                  "elevation": 1.5,
                  "height": 18,
                  "justifyContent": "center",
                  "left": 0,
                  "margin": 4,
                  "position": "absolute",
                  "shadowColor": "#000",
                  "shadowOffset": Object {
                    "height": 2,
                    "width": 0,
                  },
                  "shadowOpacity": 0.2,
                  "shadowRadius": 2.5,
                  "transform": Array [
                    Object {
                      "translateX": 0,
                    },
                  ],
                  "width": 18,
                }
              }
            />
          </View>
        </View>
      </View>
    </View>
    <RCTScrollView>
      <View>
        <View
          style={
            Object {
              "alignSelf": "stretch",
              "backgroundColor": "#FFFFFF",
              "paddingBottom": 40,
              "paddingTop": 20,
            }
          }
        >
          <View
            style={
              Array [
                Object {
                  "flexDirection": "column",
                  "height": 352,
                  "marginBottom": 40,
                },
              ]
            }
          >
            <Text
              style={
                Array [
                  Object {
                    "color": "#000000",
                  },
                  Object {
                    "fontSize": 28,
                    "fontWeight": "bold",
                    "marginBottom": 8,
                    "marginLeft": 12,
                    "textAlign": "center",
                  },
                ]
              }
            >
              One-time sponsoring
            </Text>
            <RCTScrollView
              contentContainerStyle={
                Object {
                  "backgroundColor": "#EAEBF4",
                  "height": 300,
                  "paddingHorizontal": 40,
                  "paddingVertical": 28,
                }
              }
              horizontal={true}
              style={
                Object {
                  "backgroundColor": "#EAEBF4",
                }
              }
            >
              <View />
            </RCTScrollView>
          </View>
          <View
            style={
              Array [
                Object {
                  "flexDirection": "column",
                  "height": 352,
                  "marginBottom": 40,
                },
              ]
            }
          >
            <Text
              style={
                Array [
                  Object {
                    "color": "#000000",
                  },
                  Object {
                    "fontSize": 28,
                    "fontWeight": "bold",
                    "marginBottom": 8,
                    "marginLeft": 12,
                    "textAlign": "center",
                  },
                ]
              }
            >
              Monthly donation
            </Text>
            <RCTScrollView
              contentContainerStyle={
                Object {
                  "backgroundColor": "#EAEBF4",
                  "height": 300,
                  "paddingHorizontal": 40,
                  "paddingVertical": 28,
                }
              }
              horizontal={true}
              style={
                Object {
                  "backgroundColor": "#EAEBF4",
                }
              }
            >
              <View />
            </RCTScrollView>
          </View>
          <View
            style={
              Array [
                Object {
                  "flexDirection": "column",
                  "height": 352,
                  "marginBottom": 40,
                },
              ]
            }
          >
            <Text
              style={
                Array [
                  Object {
                    "color": "#000000",
                  },
                  Object {
                    "fontSize": 28,
                    "fontWeight": "bold",
                    "marginBottom": 8,
                    "marginLeft": 12,
                    "textAlign": "center",
                  },
                ]
              }
            >
              Forever membership
            </Text>
            <RCTScrollView
              contentContainerStyle={
                Object {
                  "backgroundColor": "#EAEBF4",
                  "height": 300,
                  "paddingHorizontal": 40,
                  "paddingVertical": 28,
                }
              }
              horizontal={true}
              style={
                Object {
                  "backgroundColor": "#EAEBF4",
                }
              }
            >
              <View />
            </RCTScrollView>
          </View>
        </View>
      </View>
    </RCTScrollView>
  </RCTSafeAreaView>
</View>
`;

exports[`Rendering renders without crashing 1`] = `
<View
  style={
    Object {
      "alignItems": "center",
      "flex": 1,
      "justifyContent": "center",
    }
  }
>
  <RCTSafeAreaView
    emulateUnlessSupported={true}
    style={
      Array [
        Object {
          "alignItems": "flex-start",
          "alignSelf": "stretch",
          "backgroundColor": "#FFFFFF",
          "flexBasis": 0,
          "flexDirection": "column",
          "flexGrow": 1,
          "flexShrink": 1,
          "justifyContent": "flex-start",
        },
      ]
    }
  >
    <View
      style={
        Array [
          Object {
            "alignItems": "center",
            "alignSelf": "stretch",
            "backgroundColor": "#FFFFFF",
            "flexDirection": "row",
            "flexWrap": "wrap",
            "justifyContent": "center",
            "paddingBottom": 0,
            "paddingLeft": 24,
            "paddingRight": 24,
            "paddingTop": 0,
          },
        ]
      }
    >
      <View
        onMouseEnter={[Function]}
        onMouseLeave={[Function]}
        onPress={[MockFunction]}
        onPressIn={[Function]}
        onPressOut={[Function]}
        onResponderGrant={[Function]}
        onResponderRelease={[Function]}
        style={
          Array [
            Object {
              "alignItems": "center",
              "justifyContent": "center",
            },
            Object {
              "alignSelf": "center",
            },
          ]
        }
      >
        <Image
          source={
            Object {
              "canInstrument": true,
              "createTransformer": [Function],
              "getCacheKey": [Function],
              "process": [Function],
            }
          }
          style={
            Array [
              Object {
                "height": 52,
                "marginBottom": 12,
                "marginLeft": 0,
                "marginRight": 0,
                "marginTop": 12,
                "width": 124,
              },
              false,
            ]
          }
        />
      </View>
      <View
        style={
          Array [
            Object {
              "alignItems": "center",
              "flexDirection": "row",
              "marginBottom": 14,
            },
          ]
        }
      />
      <View
        style={
          Array [
            Object {
              "left": 20,
              "position": "absolute",
              "top": 25,
              "width": 80,
            },
          ]
        }
      >
        <View
          activeOpacity={0.7}
          delayPressIn={50}
          onPress={[MockFunction]}
        >
          <View
            onLayout={[Function]}
            style={
              Array [
                Object {
                  "alignItems": "center",
                  "alignSelf": "stretch",
                  "backgroundColor": "#393D7A",
                  "flexDirection": "row",
                  "justifyContent": "center",
                  "paddingBottom": 8,
                  "paddingLeft": 12,
                  "paddingRight": 12,
                  "paddingTop": 8,
                },
                Object {
                  "backgroundColor": "#FFFFFF",
                  "borderColor": "#B446BF",
                  "borderRadius": 20,
                  "borderWidth": 1,
                  "height": 24,
                  "width": 68,
                },
                false,
                undefined,
              ]
            }
            testID="button-view"
          >
            <Text
              style={
                Array [
                  Object {
                    "color": "white",
                    "fontSize": 14,
                  },
                  Object {
                    "color": "#B446BF",
                    "fontSize": 11,
                    "paddingBottom": 12,
                    "paddingHorizontal": 0,
                  },
                  undefined,
                ]
              }
            >
              Sign In
            </Text>
          </View>
        </View>
      </View>
      <View
        style={
          Array [
            Object {
              "position": "absolute",
              "right": 20,
              "top": 25,
            },
          ]
        }
      >
        <View
          style={
            Object {
              "alignItems": "center",
              "flexDirection": "row",
            }
          }
        >
          <View
            activeOpacity={0.8}
            onPress={[MockFunction]}
            style={
              Array [
                Object {
                  "backgroundColor": "#ecf0f1",
                  "borderRadius": 20,
                  "justifyContent": "center",
                  "padding": 12,
                  "width": 46,
                },
                Object {},
              ]
            }
          >
            <View
              style={
                Object {
                  "alignItems": "center",
                  "backgroundColor": "white",
                  "borderRadius": 9,
                  "elevation": 1.5,
                  "height": 18,
                  "justifyContent": "center",
                  "left": 0,
                  "margin": 4,
                  "position": "absolute",
                  "shadowColor": "#000",
                  "shadowOffset": Object {
                    "height": 2,
                    "width": 0,
                  },
                  "shadowOpacity": 0.2,
                  "shadowRadius": 2.5,
                  "transform": Array [
                    Object {
                      "translateX": 0,
                    },
                  ],
                  "width": 18,
                }
              }
            />
          </View>
        </View>
      </View>
    </View>
    <RCTScrollView>
      <View>
        <View
          style={
            Object {
              "alignSelf": "stretch",
              "backgroundColor": "#FFFFFF",
              "paddingBottom": 40,
              "paddingTop": 20,
            }
          }
        >
          <View
            style={
              Array [
                Object {
                  "flexDirection": "column",
                  "height": 352,
                  "marginBottom": 40,
                },
              ]
            }
          >
            <Text
              style={
                Array [
                  Object {
                    "color": "#000000",
                  },
                  Object {
                    "fontSize": 28,
                    "fontWeight": "bold",
                    "marginBottom": 8,
                    "marginLeft": 12,
                    "textAlign": "center",
                  },
                ]
              }
            >
              One-time sponsoring
            </Text>
            <RCTScrollView
              contentContainerStyle={
                Object {
                  "backgroundColor": "#EAEBF4",
                  "height": 300,
                  "paddingHorizontal": 40,
                  "paddingVertical": 28,
                }
              }
              horizontal={true}
              style={
                Object {
                  "backgroundColor": "#EAEBF4",
                }
              }
            >
              <View />
            </RCTScrollView>
          </View>
          <View
            style={
              Array [
                Object {
                  "flexDirection": "column",
                  "height": 352,
                  "marginBottom": 40,
                },
              ]
            }
          >
            <Text
              style={
                Array [
                  Object {
                    "color": "#000000",
                  },
                  Object {
                    "fontSize": 28,
                    "fontWeight": "bold",
                    "marginBottom": 8,
                    "marginLeft": 12,
                    "textAlign": "center",
                  },
                ]
              }
            >
              Monthly donation
            </Text>
            <RCTScrollView
              contentContainerStyle={
                Object {
                  "backgroundColor": "#EAEBF4",
                  "height": 300,
                  "paddingHorizontal": 40,
                  "paddingVertical": 28,
                }
              }
              horizontal={true}
              style={
                Object {
                  "backgroundColor": "#EAEBF4",
                }
              }
            >
              <View />
            </RCTScrollView>
          </View>
          <View
            style={
              Array [
                Object {
                  "flexDirection": "column",
                  "height": 352,
                  "marginBottom": 40,
                },
              ]
            }
          >
            <Text
              style={
                Array [
                  Object {
                    "color": "#000000",
                  },
                  Object {
                    "fontSize": 28,
                    "fontWeight": "bold",
                    "marginBottom": 8,
                    "marginLeft": 12,
                    "textAlign": "center",
                  },
                ]
              }
            >
              Forever membership
            </Text>
            <RCTScrollView
              contentContainerStyle={
                Object {
                  "backgroundColor": "#EAEBF4",
                  "height": 300,
                  "paddingHorizontal": 40,
                  "paddingVertical": 28,
                }
              }
              horizontal={true}
              style={
                Object {
                  "backgroundColor": "#EAEBF4",
                }
              }
            >
              <View />
            </RCTScrollView>
          </View>
        </View>
      </View>
    </RCTScrollView>
  </RCTSafeAreaView>
</View>
`;
