// Jest Snapshot v1, https://goo.gl/fbAQLP

exports[`Interaction should simulate onClick 1`] = `
<View
  style={
    Array [
      Object {
        "alignSelf": "stretch",
        "minHeight": 380,
      },
    ]
  }
>
  <View
    accessibilityIgnoresInvertColors={true}
    style={
      Array [
        Object {
          "alignItems": "center",
          "flexBasis": 0,
          "flexDirection": "column",
          "flexGrow": 1,
          "flexShrink": 1,
          "justifyContent": "center",
          "paddingBottom": 0,
          "paddingLeft": 24,
          "paddingRight": 24,
          "paddingTop": 0,
        },
      ]
    }
  >
    <Image
      resizeMode="cover"
      source={
        Object {
          "canInstrument": true,
          "createTransformer": [Function],
          "getCacheKey": [Function],
          "process": [Function],
        }
      }
      style={
        Array [
          Object {
            "bottom": 0,
            "left": 0,
            "position": "absolute",
            "right": 0,
            "top": 0,
          },
          Object {
            "height": undefined,
            "width": undefined,
          },
          Object {
            "opacity": 0.7,
          },
        ]
      }
    />
    <Text
      style={
        Array [
          Object {
            "color": "#000000",
            "fontFamily": "futura",
            "fontSize": 30,
            "fontWeight": "500",
            "maxWidth": "60%",
            "textAlign": "center",
          },
        ]
      }
    >
      Flexible innovation starts with dooboolab
    </Text>
    <Text
      style={
        Array [
          Object {
            "color": "#000000",
            "fontFamily": "avenir",
            "fontSize": 16,
            "fontWeight": "300",
            "marginTop": 12,
            "maxWidth": "60%",
            "textAlign": "center",
          },
        ]
      }
    >
      We manage strong open source community for individuals, companies, and group of societies.
    </Text>
    <View
      style={
        Object {
          "flexDirection": "row",
        }
      }
    >
      <View
        activeOpacity={0.7}
        delayPressIn={50}
        onPress={[MockFunction]}
        style={
          Object {
            "marginTop": 36,
          }
        }
      >
        <View
          onLayout={[Function]}
          style={
            Array [
              Object {
                "alignItems": "center",
                "alignSelf": "stretch",
                "borderRadius": 6,
                "flexDirection": "row",
                "justifyContent": "center",
                "paddingHorizontal": 12,
                "paddingVertical": 8,
              },
              Object {
                "backgroundColor": "#00BA90",
                "borderRadius": 20,
                "height": 40,
                "paddingHorizontal": 40,
              },
              false,
              undefined,
            ]
          }
          testID="button-view"
        >
          <Text
            style={
              Array [
                Object {
                  "color": "#069ccd",
                  "fontSize": 14,
                },
                Object {
                  "color": "#000000",
                  "fontFamily": "avenir",
                  "fontSize": 16,
                },
                undefined,
              ]
            }
          >
            Contact us
          </Text>
        </View>
      </View>
      <View
        activeOpacity={0.7}
        delayPressIn={50}
        onPress={[MockFunction]}
        style={
          Object {
            "marginLeft": 12,
            "marginTop": 36,
          }
        }
      >
        <View
          onLayout={[Function]}
          style={
            Array [
              Object {
                "alignItems": "center",
                "alignSelf": "stretch",
                "borderRadius": 6,
                "flexDirection": "row",
                "justifyContent": "center",
                "paddingHorizontal": 12,
                "paddingVertical": 8,
              },
              Object {
                "backgroundColor": "#393D7A",
                "borderRadius": 20,
                "height": 40,
                "paddingHorizontal": 40,
              },
              false,
              undefined,
            ]
          }
          testID="button-view"
        >
          <Text
            style={
              Array [
                Object {
                  "color": "#069ccd",
                  "fontSize": 14,
                },
                Object {
                  "color": "#D3D8E8",
                  "fontFamily": "avenir",
                  "fontSize": 16,
                },
                undefined,
              ]
            }
          >
            Sponsor us
          </Text>
        </View>
      </View>
    </View>
  </View>
</View>
`;

exports[`Rendering renders without crashing 1`] = `
<View
  style={
    Array [
      Object {
        "alignSelf": "stretch",
        "minHeight": 380,
      },
    ]
  }
>
  <View
    accessibilityIgnoresInvertColors={true}
    style={
      Array [
        Object {
          "alignItems": "center",
          "flexBasis": 0,
          "flexDirection": "column",
          "flexGrow": 1,
          "flexShrink": 1,
          "justifyContent": "center",
          "paddingBottom": 0,
          "paddingLeft": 24,
          "paddingRight": 24,
          "paddingTop": 0,
        },
      ]
    }
  >
    <Image
      resizeMode="cover"
      source={
        Object {
          "canInstrument": true,
          "createTransformer": [Function],
          "getCacheKey": [Function],
          "process": [Function],
        }
      }
      style={
        Array [
          Object {
            "bottom": 0,
            "left": 0,
            "position": "absolute",
            "right": 0,
            "top": 0,
          },
          Object {
            "height": undefined,
            "width": undefined,
          },
          Object {
            "opacity": 0.7,
          },
        ]
      }
    />
    <Text
      style={
        Array [
          Object {
            "color": "#000000",
            "fontFamily": "futura",
            "fontSize": 30,
            "fontWeight": "500",
            "maxWidth": "60%",
            "textAlign": "center",
          },
        ]
      }
    >
      Flexible innovation starts with dooboolab
    </Text>
    <Text
      style={
        Array [
          Object {
            "color": "#000000",
            "fontFamily": "avenir",
            "fontSize": 16,
            "fontWeight": "300",
            "marginTop": 12,
            "maxWidth": "60%",
            "textAlign": "center",
          },
        ]
      }
    >
      We manage strong open source community for individuals, companies, and group of societies.
    </Text>
    <View
      style={
        Object {
          "flexDirection": "row",
        }
      }
    >
      <View
        activeOpacity={0.7}
        delayPressIn={50}
        onPress={[MockFunction]}
        style={
          Object {
            "marginTop": 36,
          }
        }
      >
        <View
          onLayout={[Function]}
          style={
            Array [
              Object {
                "alignItems": "center",
                "alignSelf": "stretch",
                "borderRadius": 6,
                "flexDirection": "row",
                "justifyContent": "center",
                "paddingHorizontal": 12,
                "paddingVertical": 8,
              },
              Object {
                "backgroundColor": "#00BA90",
                "borderRadius": 20,
                "height": 40,
                "paddingHorizontal": 40,
              },
              false,
              undefined,
            ]
          }
          testID="button-view"
        >
          <Text
            style={
              Array [
                Object {
                  "color": "#069ccd",
                  "fontSize": 14,
                },
                Object {
                  "color": "#000000",
                  "fontFamily": "avenir",
                  "fontSize": 16,
                },
                undefined,
              ]
            }
          >
            Contact us
          </Text>
        </View>
      </View>
      <View
        activeOpacity={0.7}
        delayPressIn={50}
        onPress={[MockFunction]}
        style={
          Object {
            "marginLeft": 12,
            "marginTop": 36,
          }
        }
      >
        <View
          onLayout={[Function]}
          style={
            Array [
              Object {
                "alignItems": "center",
                "alignSelf": "stretch",
                "borderRadius": 6,
                "flexDirection": "row",
                "justifyContent": "center",
                "paddingHorizontal": 12,
                "paddingVertical": 8,
              },
              Object {
                "backgroundColor": "#393D7A",
                "borderRadius": 20,
                "height": 40,
                "paddingHorizontal": 40,
              },
              false,
              undefined,
            ]
          }
          testID="button-view"
        >
          <Text
            style={
              Array [
                Object {
                  "color": "#069ccd",
                  "fontSize": 14,
                },
                Object {
                  "color": "#D3D8E8",
                  "fontFamily": "avenir",
                  "fontSize": 16,
                },
                undefined,
              ]
            }
          >
            Sponsor us
          </Text>
        </View>
      </View>
    </View>
  </View>
</View>
`;
