// Jest Snapshot v1, https://goo.gl/fbAQLP

exports[`Interaction should simulate onClick 1`] = `
<View
  style={
    Array [
      Object {
        "alignItems": "center",
        "alignSelf": "stretch",
        "backgroundColor": "#FFFFFF",
        "flexDirection": "column",
        "justifyContent": "center",
        "paddingBottom": 80,
        "paddingLeft": 0,
        "paddingRight": 0,
        "paddingTop": 80,
      },
    ]
  }
>
  <Text
    style={
      Array [
        Object {
          "color": "#000000",
          "fontFamily": "futura",
          "fontSize": 26,
          "fontWeight": "700",
          "maxWidth": "60%",
          "textAlign": "center",
        },
      ]
    }
  >
    Story
  </Text>
  <Text
    style={
      Array [
        Object {
          "color": "#000000",
          "fontFamily": "avenir",
          "fontSize": 18,
          "fontWeight": "300",
          "lineHeight": 30,
          "maxWidth": "60%",
          "textAlign": "center",
        },
        Object {
          "marginTop": 40,
        },
      ]
    }
  >
    We aim to find the IT services that the world needs. The goal is to consistently find and commercialize ideas that have the potential to change the market.
  </Text>
  <Text
    style={
      Array [
        Object {
          "color": "#000000",
          "fontFamily": "avenir",
          "fontSize": 24,
          "fontWeight": "800",
          "maxWidth": "60%",
          "textAlign": "center",
        },
        Object {
          "color": "#393D7A",
          "marginTop": 68,
        },
      ]
    }
  >
    Vision & Mission
  </Text>
  <Text
    style={
      Array [
        Object {
          "color": "#000000",
          "fontFamily": "avenir",
          "fontSize": 18,
          "fontWeight": "300",
          "lineHeight": 30,
          "maxWidth": "60%",
          "textAlign": "center",
        },
        Object {
          "marginTop": 40,
        },
      ]
    }
  >
    dooboolab wishes to help out those who are in trouble of making better society. We are a group of experts who contribute to various platforms and open source projects to work publicly for creating benefits.
  </Text>
  <View
    activeOpacity={0.7}
    delayPressIn={50}
    onPress={[MockFunction]}
    style={
      Object {
        "marginTop": 28,
      }
    }
  >
    <View
      onLayout={[Function]}
      style={
        Array [
          Object {
            "alignItems": "center",
            "alignSelf": "stretch",
            "backgroundColor": "#393D7A",
            "flexDirection": "row",
            "justifyContent": "center",
            "paddingBottom": 8,
            "paddingLeft": 12,
            "paddingRight": 12,
            "paddingTop": 8,
          },
          Object {
            "backgroundColor": "#FFFFFF",
          },
          false,
          undefined,
        ]
      }
      testID="button-view"
    >
      <Text
        style={
          Array [
            Object {
              "color": "white",
              "fontSize": 14,
            },
            Object {
              "color": "#00BA90",
              "fontSize": 14,
            },
            undefined,
          ]
        }
      >
        view more &gt;
      </Text>
    </View>
  </View>
</View>
`;

exports[`Rendering renders without crashing 1`] = `
<View
  style={
    Array [
      Object {
        "alignItems": "center",
        "alignSelf": "stretch",
        "backgroundColor": "#FFFFFF",
        "flexDirection": "column",
        "justifyContent": "center",
        "paddingBottom": 80,
        "paddingLeft": 0,
        "paddingRight": 0,
        "paddingTop": 80,
      },
    ]
  }
>
  <Text
    style={
      Array [
        Object {
          "color": "#000000",
          "fontFamily": "futura",
          "fontSize": 26,
          "fontWeight": "700",
          "maxWidth": "60%",
          "textAlign": "center",
        },
      ]
    }
  >
    Story
  </Text>
  <Text
    style={
      Array [
        Object {
          "color": "#000000",
          "fontFamily": "avenir",
          "fontSize": 18,
          "fontWeight": "300",
          "lineHeight": 30,
          "maxWidth": "60%",
          "textAlign": "center",
        },
        Object {
          "marginTop": 40,
        },
      ]
    }
  >
    We aim to find the IT services that the world needs. The goal is to consistently find and commercialize ideas that have the potential to change the market.
  </Text>
  <Text
    style={
      Array [
        Object {
          "color": "#000000",
          "fontFamily": "avenir",
          "fontSize": 24,
          "fontWeight": "800",
          "maxWidth": "60%",
          "textAlign": "center",
        },
        Object {
          "color": "#393D7A",
          "marginTop": 68,
        },
      ]
    }
  >
    Vision & Mission
  </Text>
  <Text
    style={
      Array [
        Object {
          "color": "#000000",
          "fontFamily": "avenir",
          "fontSize": 18,
          "fontWeight": "300",
          "lineHeight": 30,
          "maxWidth": "60%",
          "textAlign": "center",
        },
        Object {
          "marginTop": 40,
        },
      ]
    }
  >
    dooboolab wishes to help out those who are in trouble of making better society. We are a group of experts who contribute to various platforms and open source projects to work publicly for creating benefits.
  </Text>
  <View
    activeOpacity={0.7}
    delayPressIn={50}
    onPress={[MockFunction]}
    style={
      Object {
        "marginTop": 28,
      }
    }
  >
    <View
      onLayout={[Function]}
      style={
        Array [
          Object {
            "alignItems": "center",
            "alignSelf": "stretch",
            "backgroundColor": "#393D7A",
            "flexDirection": "row",
            "justifyContent": "center",
            "paddingBottom": 8,
            "paddingLeft": 12,
            "paddingRight": 12,
            "paddingTop": 8,
          },
          Object {
            "backgroundColor": "#FFFFFF",
          },
          false,
          undefined,
        ]
      }
      testID="button-view"
    >
      <Text
        style={
          Array [
            Object {
              "color": "white",
              "fontSize": 14,
            },
            Object {
              "color": "#00BA90",
              "fontSize": 14,
            },
            undefined,
          ]
        }
      >
        view more &gt;
      </Text>
    </View>
  </View>
</View>
`;
