// Jest Snapshot v1, https://goo.gl/fbAQLP

exports[`[Button] [ThemeType.Light] renders without crashing 1`] = `
<View
  activeOpacity={0.7}
  delayPressIn={50}
  onPress={[MockFunction]}
  testID="btn"
>
  <View
    onLayout={[Function]}
    style={
      Array [
        Object {
          "alignItems": "center",
          "alignSelf": "stretch",
          "backgroundColor": "#393D7A",
          "flexDirection": "row",
          "justifyContent": "center",
          "paddingBottom": 8,
          "paddingLeft": 12,
          "paddingRight": 12,
          "paddingTop": 8,
        },
        undefined,
        false,
        undefined,
      ]
    }
    testID="button-view"
  >
    <Text
      style={
        Array [
          Object {
            "color": "white",
            "fontSize": 14,
          },
          undefined,
          undefined,
        ]
      }
    />
  </View>
</View>
`;

exports[`[Button] should render [ThemeType.Dark] without crashing 1`] = `
<View
  activeOpacity={0.7}
  delayPressIn={50}
  onPress={[MockFunction]}
  testID="btn"
>
  <View
    onLayout={[Function]}
    style={
      Array [
        Object {
          "alignItems": "center",
          "alignSelf": "stretch",
          "backgroundColor": "#393D7A",
          "flexDirection": "row",
          "justifyContent": "center",
          "paddingBottom": 8,
          "paddingLeft": 12,
          "paddingRight": 12,
          "paddingTop": 8,
        },
        undefined,
        false,
        undefined,
      ]
    }
    testID="button-view"
  >
    <Text
      style={
        Array [
          Object {
            "color": "white",
            "fontSize": 14,
          },
          undefined,
          undefined,
        ]
      }
    />
  </View>
</View>
`;

exports[`[Button] should render [isDisabled] status without crashing 1`] = `
<View
  activeOpacity={0.7}
  delayPressIn={50}
  onPress={[MockFunction]}
  testID="btn"
>
  <View
    onLayout={[Function]}
    style={
      Array [
        Object {
          "alignItems": "center",
          "alignSelf": "stretch",
          "backgroundColor": "#393D7A",
          "flexDirection": "row",
          "justifyContent": "center",
          "paddingBottom": 8,
          "paddingLeft": 12,
          "paddingRight": 12,
          "paddingTop": 8,
        },
        undefined,
        false,
        undefined,
      ]
    }
    testID="button-view"
  >
    <Text
      style={
        Array [
          Object {
            "color": "white",
            "fontSize": 14,
          },
          undefined,
          undefined,
        ]
      }
    />
  </View>
</View>
`;

exports[`[Button] should render [isLoading] status without crashing 1`] = `
<View
  activeOpacity={0.7}
  delayPressIn={50}
  onPress={[MockFunction]}
  testID="btn"
>
  <View
    onLayout={[Function]}
    style={
      Array [
        Object {
          "alignItems": "center",
          "alignSelf": "stretch",
          "backgroundColor": "#393D7A",
          "flexDirection": "row",
          "justifyContent": "center",
          "paddingBottom": 8,
          "paddingLeft": 12,
          "paddingRight": 12,
          "paddingTop": 8,
        },
        undefined,
        false,
        undefined,
      ]
    }
    testID="button-view"
  >
    <Text
      style={
        Array [
          Object {
            "color": "white",
            "fontSize": 14,
          },
          undefined,
          undefined,
        ]
      }
    />
  </View>
</View>
`;
